// Jest Snapshot v1, https://goo.gl/fbAQLP

exports[`CodeEditor Component should render correctly 1`] = `
<div
  className="codeeditor"
  onKeyDown={[Function]}
/>
`;
